Archive member included to satisfy reference by file (symbol)

F:/Programs/STM32CubeIDE_1.15.1/STM32CubeIDE/plugins/com.st.stm32cube.ide.mcu.externaltools.gnu-tools-for-stm32.12.3.rel1.win32_1.0.100.202403111256/tools/bin/../lib/gcc/arm-none-eabi/12.3.1/../../../../arm-none-eabi/lib/thumb/v7e-m+fp/hard\libc_nano.a(libc_a-exit.o)
                              F:/Programs/STM32CubeIDE_1.15.1/STM32CubeIDE/plugins/com.st.stm32cube.ide.mcu.externaltools.gnu-tools-for-stm32.12.3.rel1.win32_1.0.100.202403111256/tools/bin/../lib/gcc/arm-none-eabi/12.3.1/../../../../arm-none-eabi/lib/thumb/v7e-m+fp/hard/crt0.o (exit)
F:/Programs/STM32CubeIDE_1.15.1/STM32CubeIDE/plugins/com.st.stm32cube.ide.mcu.externaltools.gnu-tools-for-stm32.12.3.rel1.win32_1.0.100.202403111256/tools/bin/../lib/gcc/arm-none-eabi/12.3.1/../../../../arm-none-eabi/lib/thumb/v7e-m+fp/hard\libc_nano.a(libc_a-findfp.o)
                              F:/Programs/STM32CubeIDE_1.15.1/STM32CubeIDE/plugins/com.st.stm32cube.ide.mcu.externaltools.gnu-tools-for-stm32.12.3.rel1.win32_1.0.100.202403111256/tools/bin/../lib/gcc/arm-none-eabi/12.3.1/../../../../arm-none-eabi/lib/thumb/v7e-m+fp/hard\libc_nano.a(libc_a-exit.o) (__stdio_exit_handler)
F:/Programs/STM32CubeIDE_1.15.1/STM32CubeIDE/plugins/com.st.stm32cube.ide.mcu.externaltools.gnu-tools-for-stm32.12.3.rel1.win32_1.0.100.202403111256/tools/bin/../lib/gcc/arm-none-eabi/12.3.1/../../../../arm-none-eabi/lib/thumb/v7e-m+fp/hard\libc_nano.a(libc_a-fwalk.o)
                              F:/Programs/STM32CubeIDE_1.15.1/STM32CubeIDE/plugins/com.st.stm32cube.ide.mcu.externaltools.gnu-tools-for-stm32.12.3.rel1.win32_1.0.100.202403111256/tools/bin/../lib/gcc/arm-none-eabi/12.3.1/../../../../arm-none-eabi/lib/thumb/v7e-m+fp/hard\libc_nano.a(libc_a-findfp.o) (_fwalk_sglue)
F:/Programs/STM32CubeIDE_1.15.1/STM32CubeIDE/plugins/com.st.stm32cube.ide.mcu.externaltools.gnu-tools-for-stm32.12.3.rel1.win32_1.0.100.202403111256/tools/bin/../lib/gcc/arm-none-eabi/12.3.1/../../../../arm-none-eabi/lib/thumb/v7e-m+fp/hard\libc_nano.a(libc_a-sprintf.o)
                              src/main.o (sprintf)
F:/Programs/STM32CubeIDE_1.15.1/STM32CubeIDE/plugins/com.st.stm32cube.ide.mcu.externaltools.gnu-tools-for-stm32.12.3.rel1.win32_1.0.100.202403111256/tools/bin/../lib/gcc/arm-none-eabi/12.3.1/../../../../arm-none-eabi/lib/thumb/v7e-m+fp/hard\libc_nano.a(libc_a-stdio.o)
                              F:/Programs/STM32CubeIDE_1.15.1/STM32CubeIDE/plugins/com.st.stm32cube.ide.mcu.externaltools.gnu-tools-for-stm32.12.3.rel1.win32_1.0.100.202403111256/tools/bin/../lib/gcc/arm-none-eabi/12.3.1/../../../../arm-none-eabi/lib/thumb/v7e-m+fp/hard\libc_nano.a(libc_a-findfp.o) (__sread)
F:/Programs/STM32CubeIDE_1.15.1/STM32CubeIDE/plugins/com.st.stm32cube.ide.mcu.externaltools.gnu-tools-for-stm32.12.3.rel1.win32_1.0.100.202403111256/tools/bin/../lib/gcc/arm-none-eabi/12.3.1/../../../../arm-none-eabi/lib/thumb/v7e-m+fp/hard\libc_nano.a(libc_a-memset.o)
                              F:/Programs/STM32CubeIDE_1.15.1/STM32CubeIDE/plugins/com.st.stm32cube.ide.mcu.externaltools.gnu-tools-for-stm32.12.3.rel1.win32_1.0.100.202403111256/tools/bin/../lib/gcc/arm-none-eabi/12.3.1/../../../../arm-none-eabi/lib/thumb/v7e-m+fp/hard/crt0.o (memset)
F:/Programs/STM32CubeIDE_1.15.1/STM32CubeIDE/plugins/com.st.stm32cube.ide.mcu.externaltools.gnu-tools-for-stm32.12.3.rel1.win32_1.0.100.202403111256/tools/bin/../lib/gcc/arm-none-eabi/12.3.1/../../../../arm-none-eabi/lib/thumb/v7e-m+fp/hard\libc_nano.a(libc_a-closer.o)
                              F:/Programs/STM32CubeIDE_1.15.1/STM32CubeIDE/plugins/com.st.stm32cube.ide.mcu.externaltools.gnu-tools-for-stm32.12.3.rel1.win32_1.0.100.202403111256/tools/bin/../lib/gcc/arm-none-eabi/12.3.1/../../../../arm-none-eabi/lib/thumb/v7e-m+fp/hard\libc_nano.a(libc_a-stdio.o) (_close_r)
F:/Programs/STM32CubeIDE_1.15.1/STM32CubeIDE/plugins/com.st.stm32cube.ide.mcu.externaltools.gnu-tools-for-stm32.12.3.rel1.win32_1.0.100.202403111256/tools/bin/../lib/gcc/arm-none-eabi/12.3.1/../../../../arm-none-eabi/lib/thumb/v7e-m+fp/hard\libc_nano.a(libc_a-reent.o)
                              F:/Programs/STM32CubeIDE_1.15.1/STM32CubeIDE/plugins/com.st.stm32cube.ide.mcu.externaltools.gnu-tools-for-stm32.12.3.rel1.win32_1.0.100.202403111256/tools/bin/../lib/gcc/arm-none-eabi/12.3.1/../../../../arm-none-eabi/lib/thumb/v7e-m+fp/hard\libc_nano.a(libc_a-closer.o) (errno)
F:/Programs/STM32CubeIDE_1.15.1/STM32CubeIDE/plugins/com.st.stm32cube.ide.mcu.externaltools.gnu-tools-for-stm32.12.3.rel1.win32_1.0.100.202403111256/tools/bin/../lib/gcc/arm-none-eabi/12.3.1/../../../../arm-none-eabi/lib/thumb/v7e-m+fp/hard\libc_nano.a(libc_a-impure.o)
                              F:/Programs/STM32CubeIDE_1.15.1/STM32CubeIDE/plugins/com.st.stm32cube.ide.mcu.externaltools.gnu-tools-for-stm32.12.3.rel1.win32_1.0.100.202403111256/tools/bin/../lib/gcc/arm-none-eabi/12.3.1/../../../../arm-none-eabi/lib/thumb/v7e-m+fp/hard\libc_nano.a(libc_a-sprintf.o) (_impure_ptr)
[...]
Memory Configuration

Name             Origin             Length             Attributes
FLASH            0x08000000         0x00080000         xr
RAM              0x20000000         0x00020000         xrw
*default*        0x00000000         0xffffffff

Linker script and memory map

LOAD F:/Programs/STM32CubeIDE_1.15.1/STM32CubeIDE/plugins/com.st.stm32cube.ide.mcu.externaltools.gnu-tools-for-stm32.12.3.rel1.win32_1.0.100.202403111256/tools/bin/../lib/gcc/arm-none-eabi/12.3.1/thumb/v7e-m+fp/hard/crti.o
LOAD F:/Programs/STM32CubeIDE_1.15.1/STM32CubeIDE/plugins/com.st.stm32cube.ide.mcu.externaltools.gnu-tools-for-stm32.12.3.rel1.win32_1.0.100.202403111256/tools/bin/../lib/gcc/arm-none-eabi/12.3.1/thumb/v7e-m+fp/hard/crtbegin.o
LOAD F:/Programs/STM32CubeIDE_1.15.1/STM32CubeIDE/plugins/com.st.stm32cube.ide.mcu.externaltools.gnu-tools-for-stm32.12.3.rel1.win32_1.0.100.202403111256/tools/bin/../lib/gcc/arm-none-eabi/12.3.1/../../../../arm-none-eabi/lib/thumb/v7e-m+fp/hard/crt0.o
LOAD startup/stm32f411_periph.o
LOAD startup/sys_handlers.o
LOAD startup/system_stm32f4xx.o
LOAD STM32F4xx_HAL_Driver/src/stm32f4xx_ll_rcc.o
LOAD STM32F4xx_HAL_Driver/src/stm32f4xx_hal_i2c.o
LOAD STM32F4xx_HAL_Driver/src/util.o
LOAD STM32F4xx_HAL_Driver/src/stm32f4xx_hal.o
LOAD STM32F4xx_HAL_Driver/src/stm32f4xx_hal_cortex.o
LOAD STM32F4xx_HAL_Driver/src/stm32f4xx_hal_uart.o
LOAD STM32F4xx_HAL_Driver/src/stm32f4xx_hal_gpio.o
LOAD STM32F4xx_HAL_Driver/src/stm32f4xx_hal_tim.o
LOAD STM32F4xx_HAL_Driver/src/stm32f4xx_hal_spi.o
LOAD mbed_shield/src/leds.o
LOAD mbed_shield/src/sw.o
LOAD mbed_shield/src/lm75.o
LOAD mbed_shield/src/lcd_128x32.o
LOAD src/stm32f4xx_hal_msp.o
LOAD src/stm32f4xx_it.o
LOAD src/main.o
LOAD startup/startup_stm32f411xe.o
LOAD F:/Programs/STM32CubeIDE_1.15.1/STM32CubeIDE/plugins/com.st.stm32cube.ide.mcu.externaltools.gnu-tools-for-stm32.12.3.rel1.win32_1.0.100.202403111256/tools/bin/../lib/gcc/arm-none-eabi/12.3.1/../../../../arm-none-eabi/lib/thumb/v7e-m+fp/hard\libc_nano.a
LOAD F:/Programs/STM32CubeIDE_1.15.1/STM32CubeIDE/plugins/com.st.stm32cube.ide.mcu.externaltools.gnu-tools-for-stm32.12.3.rel1.win32_1.0.100.202403111256/tools/bin/../lib/gcc/arm-none-eabi/12.3.1/thumb/v7e-m+fp/hard\libgcc.a
LOAD F:/Programs/STM32CubeIDE_1.15.1/STM32CubeIDE/plugins/com.st.stm32cube.ide.mcu.externaltools.gnu-tools-for-stm32.12.3.rel1.win32_1.0.100.202403111256/tools/bin/../lib/gcc/arm-none-eabi/12.3.1/thumb/v7e-m+fp/hard\libgcov.a
LOAD F:/Programs/STM32CubeIDE_1.15.1/STM32CubeIDE/plugins/com.st.stm32cube.ide.mcu.externaltools.gnu-tools-for-stm32.12.3.rel1.win32_1.0.100.202403111256/tools/bin/../lib/gcc/arm-none-eabi/12.3.1/../../../../arm-none-eabi/lib/thumb/v7e-m+fp/hard\libm.a
START GROUP
LOAD F:/Programs/STM32CubeIDE_1.15.1/STM32CubeIDE/plugins/com.st.stm32cube.ide.mcu.externaltools.gnu-tools-for-stm32.12.3.rel1.win32_1.0.100.202403111256/tools/bin/../lib/gcc/arm-none-eabi/12.3.1/thumb/v7e-m+fp/hard\libgcc.a
LOAD F:/Programs/STM32CubeIDE_1.15.1/STM32CubeIDE/plugins/com.st.stm32cube.ide.mcu.externaltools.gnu-tools-for-stm32.12.3.rel1.win32_1.0.100.202403111256/tools/bin/../lib/gcc/arm-none-eabi/12.3.1/../../../../arm-none-eabi/lib/thumb/v7e-m+fp/hard\libc_nano.a
END GROUP
START GROUP
LOAD F:/Programs/STM32CubeIDE_1.15.1/STM32CubeIDE/plugins/com.st.stm32cube.ide.mcu.externaltools.gnu-tools-for-stm32.12.3.rel1.win32_1.0.100.202403111256/tools/bin/../lib/gcc/arm-none-eabi/12.3.1/thumb/v7e-m+fp/hard\libgcc.a
LOAD F:/Programs/STM32CubeIDE_1.15.1/STM32CubeIDE/plugins/com.st.stm32cube.ide.mcu.externaltools.gnu-tools-for-stm32.12.3.rel1.win32_1.0.100.202403111256/tools/bin/../lib/gcc/arm-none-eabi/12.3.1/../../../../arm-none-eabi/lib/thumb/v7e-m+fp/hard\libc_nano.a
LOAD F:/Programs/STM32CubeIDE_1.15.1/STM32CubeIDE/plugins/com.st.stm32cube.ide.mcu.externaltools.gnu-tools-for-stm32.12.3.rel1.win32_1.0.100.202403111256/tools/bin/../lib/gcc/arm-none-eabi/12.3.1/../../../../arm-none-eabi/lib/thumb/v7e-m+fp/hard\libnosys.a
END GROUP
START GROUP
LOAD F:/Programs/STM32CubeIDE_1.15.1/STM32CubeIDE/plugins/com.st.stm32cube.ide.mcu.externaltools.gnu-tools-for-stm32.12.3.rel1.win32_1.0.100.202403111256/tools/bin/../lib/gcc/arm-none-eabi/12.3.1/thumb/v7e-m+fp/hard\libgcc.a
LOAD F:/Programs/STM32CubeIDE_1.15.1/STM32CubeIDE/plugins/com.st.stm32cube.ide.mcu.externaltools.gnu-tools-for-stm32.12.3.rel1.win32_1.0.100.202403111256/tools/bin/../lib/gcc/arm-none-eabi/12.3.1/../../../../arm-none-eabi/lib/thumb/v7e-m+fp/hard\libc_nano.a
LOAD F:/Programs/STM32CubeIDE_1.15.1/STM32CubeIDE/plugins/com.st.stm32cube.ide.mcu.externaltools.gnu-tools-for-stm32.12.3.rel1.win32_1.0.100.202403111256/tools/bin/../lib/gcc/arm-none-eabi/12.3.1/../../../../arm-none-eabi/lib/thumb/v7e-m+fp/hard\libnosys.a
END GROUP
LOAD F:/Programs/STM32CubeIDE_1.15.1/STM32CubeIDE/plugins/com.st.stm32cube.ide.mcu.externaltools.gnu-tools-for-stm32.12.3.rel1.win32_1.0.100.202403111256/tools/bin/../lib/gcc/arm-none-eabi/12.3.1/thumb/v7e-m+fp/hard/crtend.o
LOAD F:/Programs/STM32CubeIDE_1.15.1/STM32CubeIDE/plugins/com.st.stm32cube.ide.mcu.externaltools.gnu-tools-for-stm32.12.3.rel1.win32_1.0.100.202403111256/tools/bin/../lib/gcc/arm-none-eabi/12.3.1/thumb/v7e-m+fp/hard/crtn.o
                0x20020000                        _estack = 0x20020000
                0x00000200                        _Min_Heap_Size = 0x200
                0x00000400                        _Min_Stack_Size = 0x400

.isr_vector     0x08000000      0x198
                0x08000000                        . = ALIGN (0x4)
 *(.isr_vector)
 .isr_vector    0x08000000      0x198 startup/startup_stm32f411xe.o
                0x08000000                g_pfnVectors
                0x08000198                        . = ALIGN (0x4)

.text           0x080001a0     0x3b84
                0x080001a0                        . = ALIGN (0x4)
 *(.text)
 .text          0x080001a0       0x40 F:/Programs/STM32CubeIDE_1.15.1/STM32CubeIDE/plugins/com.st.stm32cube.ide.mcu.externaltools.gnu-tools-for-stm32.12.3.rel1.win32_1.0.100.202403111256/tools/bin/../lib/gcc/arm-none-eabi/12.3.1/thumb/v7e-m+fp/hard/crtbegin.o
 .text          0x080001e0       0x20 startup/sys_handlers.o
                0x080001e0                NMI_Handler
                0x080001e4                HardFault_Handler
                0x080001e8                MemManage_Handler
                0x080001ec                BusFault_Handler
                0x080001f0                UsageFault_Handler
                0x080001f4                SVC_Handler
                0x080001f8                DebugMon_Handler
                0x080001fc                PendSV_Handler
 .text          0x08000200      0x16c startup/system_stm32f4xx.o
                0x08000200                SystemInit
                0x08000274                SystemCoreClockUpdate
 .text          0x0800036c      0x3ec STM32F4xx_HAL_Driver/src/stm32f4xx_ll_rcc.o
                0x0800057c                rcc_config_clock
 .text          0x08000758      0x4d8 STM32F4xx_HAL_Driver/src/stm32f4xx_hal_i2c.o
                0x08000758                HAL_I2C_EV_IRQHandler
                0x08000934                HAL_I2C_ER_IRQHandler
                0x080009ca                HAL_I2C_Init
                0x08000a80                HAL_I2C_Master_Transmit_IT
                0x08000b12                HAL_I2C_Master_Receive_IT
                0x08000ba4                HAL_I2C_Master_Transmit_Receive_IT
 .text          0x08000c30      0x34c STM32F4xx_HAL_Driver/src/util.o
                0x08000c30                num2str
                0x08000ccc                str2num
                0x08000d66                reverse
                0x08000dba                intToStr
                0x08000e48                float2str
                0x08000ee8                myPow
 .text          0x08000f7c      0x268 STM32F4xx_HAL_Driver/src/stm32f4xx_hal.o
                0x08000f7c                HAL_Init
                0x08000f94                HAL_DeInit
                0x08000fa4                HAL_MspDeInit
                0x08000fa8                HAL_InitTick
                0x08001008                HAL_IncTick
                0x08001024                HAL_GetTick
                0x08001030                HAL_GetTickPrio
                0x0800103c                HAL_SetTickFreq
                0x08001084                HAL_GetTickFreq
                0x08001090                HAL_Delay
                0x080010d4                HAL_SuspendTick
                0x080010e8                HAL_ResumeTick
                0x080010fc                HAL_GetHalVersion
                0x08001108                HAL_GetREVID
                0x08001118                HAL_GetDEVID
                0x08001128                HAL_DBGMCU_EnableDBGSleepMode
                0x0800113c                HAL_DBGMCU_DisableDBGSleepMode
                0x08001150                HAL_DBGMCU_EnableDBGStopMode
                0x08001164                HAL_DBGMCU_DisableDBGStopMode
                0x08001178                HAL_DBGMCU_EnableDBGStandbyMode
                0x0800118c                HAL_DBGMCU_DisableDBGStandbyMode
                0x080011a0                HAL_EnableCompensationCell
                0x080011b0                HAL_DisableCompensationCell
                0x080011c0                HAL_GetUIDw0
                0x080011cc                HAL_GetUIDw1
                0x080011d8                HAL_GetUIDw2
 .text          0x080011e4      0x59c STM32F4xx_HAL_Driver/src/stm32f4xx_hal_cortex.o
                0x08001518                HAL_NVIC_SetPriorityGrouping
                0x0800152c                HAL_NVIC_SetPriority
                0x08001564                HAL_NVIC_EnableIRQ
                0x08001580                HAL_NVIC_DisableIRQ
                0x0800159c                HAL_NVIC_SystemReset
                0x080015a6                HAL_SYSTICK_Config
                0x080015bc                HAL_MPU_Disable
                0x080015e0                HAL_MPU_Enable
                0x08001614                HAL_MPU_ConfigRegion
                0x08001694                HAL_NVIC_GetPriorityGrouping
                0x080016a0                HAL_NVIC_GetPriority
                0x080016cc                HAL_NVIC_SetPendingIRQ
                0x080016e8                HAL_NVIC_GetPendingIRQ
                0x08001706                HAL_NVIC_ClearPendingIRQ
                0x08001722                HAL_NVIC_GetActive
                0x08001740                HAL_SYSTICK_CLKSourceConfig
                0x08001770                HAL_SYSTICK_IRQHandler
                0x0800177a                HAL_SYSTICK_Callback
 .text          0x08001780      0x51c STM32F4xx_HAL_Driver/src/stm32f4xx_hal_uart.o
                0x08001780                HAL_USART_IRQHandler
                0x080017dc                UART_Receive_IT
                0x0800182c                HAL_UART_Init
                0x080018e0                HAL_UART_Transmit
                0x08001928                HAL_UART_Receive
                0x08001970                HAL_UART_Receive_IT
                0x080019aa                uart_putc
                0x080019d4                uart_puts
                0x08001a02                uart_printf
 .text          0x08001c9c      0x388 STM32F4xx_HAL_Driver/src/stm32f4xx_hal_gpio.o
                0x08001c9c                HAL_GPIO_EXTI_IRQHandler
                0x08001cd8                HAL_GPIO_Init
                0x08001fd4                HAL_GPIO_ReadPort
                0x08001fe6                HAL_GPIO_ReadPin
                0x08001ff8                HAL_GPIO_WritePort
                0x0800200e                HAL_GPIO_WritePin
 .text          0x08002024      0x3a4 STM32F4xx_HAL_Driver/src/stm32f4xx_hal_tim.o
                0x08002024                HAL_TIM_IRQHandler
                0x08002048                HAL_TIM_wait_ms
                0x08002056                HAL_TIM_wait_us
                0x08002064                HAL_TIM_Base_Init
                0x080020a4                HAL_TIM_Base_Start
                0x080020ae                HAL_TIM_Base_Start_IT
                0x080020b8                HAL_TIM_Base_Stop
                0x080020c2                HAL_TIM_Base_Stop_IT
                0x080020cc                HAL_TIM_PWM_Init
                0x0800210e                HAL_TIM_PWM_ConfigChannel
                0x08002308                HAL_TIM_PWM_Channel_Set
 .text          0x080023c8      0x1dc STM32F4xx_HAL_Driver/src/stm32f4xx_hal_spi.o
                0x080023c8                HAL_SPI_IRQHandler
                0x0800246c                HAL_SPI_Init
                0x080024f0                HAL_SPI_Transmit_IT
                0x08002562                HAL_SPI_Write_Byte
 .text          0x080025a4       0x28 mbed_shield/src/leds.o
                0x080025a4                nucleo_led
                0x080025ae                red_led
                0x080025b8                green_led
                0x080025c2                blue_led
 .text          0x080025cc      0x288 src/stm32f4xx_hal_msp.o
                0x08002648                HAL_MspInit
                0x080026c0                HAL_GPIO_LEDS_MspInit
                0x080026ec                HAL_GPIO_SWITCHS_MspInit
                0x08002714                HAL_TIM2_MspInit
                0x0800273c                HAL_TIM5_MspInit
                0x08002798                HAL_UART2_MspInit
                0x080027e8                HAL_I2C1_MspInit
 .text          0x08002854       0x94 src/stm32f4xx_it.o
                0x08002854                SysTick_Handler
                0x08002862                TIM5_IRQHandler
                0x08002874                USART2_IRQHandler
                0x08002884                I2C1_EV_IRQHandler
                0x08002894                I2C1_ER_IRQHandler
                0x080028a4                EXTI15_10_IRQHandler
                0x080028b2                EXTI4_IRQHandler
                0x080028be                EXTI0_IRQHandler
                0x080028ca                EXTI1_IRQHandler
                0x080028d6                SPI1_IRQHandler
 .text          0x080028e8      0x1a8 src/main.o
                0x080028e8                HAL_GPIO_EXTI_Callback
                0x080028f6                HAL_UART_RxCpltCallback
                0x08002900                HAL_TIM_PeriodElapsedCallback
                0x0800290a                main
 .text          0x08002a90       0x10 F:/Programs/STM32CubeIDE_1.15.1/STM32CubeIDE/plugins/com.st.stm32cube.ide.mcu.externaltools.gnu-tools-for-stm32.12.3.rel1.win32_1.0.100.202403111256/tools/bin/../lib/gcc/arm-none-eabi/12.3.1/../../../../arm-none-eabi/lib/thumb/v7e-m+fp/hard\libc_nano.a(libc_a-strlen.o)
                0x08002a90                strlen
 .text          0x08002aa0       0xa0 F:/Programs/STM32CubeIDE_1.15.1/STM32CubeIDE/plugins/com.st.stm32cube.ide.mcu.externaltools.gnu-tools-for-stm32.12.3.rel1.win32_1.0.100.202403111256/tools/bin/../lib/gcc/arm-none-eabi/12.3.1/../../../../arm-none-eabi/lib/thumb/v7e-m+fp/hard\libc_nano.a(libc_a-memchr.o)
                0x08002aa0                memchr
 .text          0x08002b40      0x378 F:/Programs/STM32CubeIDE_1.15.1/STM32CubeIDE/plugins/com.st.stm32cube.ide.mcu.externaltools.gnu-tools-for-stm32.12.3.rel1.win32_1.0.100.202403111256/tools/bin/../lib/gcc/arm-none-eabi/12.3.1/thumb/v7e-m+fp/hard\libgcc.a(_arm_addsubdf3.o)
                0x08002b40                __aeabi_drsub
                0x08002b48                __aeabi_dsub
                0x08002b48                __subdf3
                0x08002b4c                __aeabi_dadd
                0x08002b4c                __adddf3
                0x08002dc4                __floatunsidf
                0x08002dc4                __aeabi_ui2d
                0x08002de4                __floatsidf
                0x08002de4                __aeabi_i2d
                0x08002e08                __aeabi_f2d
                0x08002e08                __extendsfdf2
                0x08002e4c                __floatundidf
                0x08002e4c                __aeabi_ul2d
                0x08002e5c                __floatdidf
                0x08002e5c                __aeabi_l2d
 .text          0x08002eb8      0x424 F:/Programs/STM32CubeIDE_1.15.1/STM32CubeIDE/plugins/com.st.stm32cube.ide.mcu.externaltools.gnu-tools-for-stm32.12.3.rel1.win32_1.0.100.202403111256/tools/bin/../lib/gcc/arm-none-eabi/12.3.1/thumb/v7e-m+fp/hard\libgcc.a(_arm_muldivdf3.o)
                0x08002eb8                __aeabi_dmul
                0x08002eb8                __muldf3
                0x0800310c                __divdf3
                0x0800310c                __aeabi_ddiv
 .text          0x080032dc       0xa0 F:/Programs/STM32CubeIDE_1.15.1/STM32CubeIDE/plugins/com.st.stm32cube.ide.mcu.externaltools.gnu-tools-for-stm32.12.3.rel1.win32_1.0.100.202403111256/tools/bin/../lib/gcc/arm-none-eabi/12.3.1/thumb/v7e-m+fp/hard\libgcc.a(_arm_truncdfsf2.o)
                0x080032dc                __truncdfsf2
                0x080032dc                __aeabi_d2f
 *(.text*)
 .text.Reset_Handler
                0x0800337c       0x4c startup/startup_stm32f411xe.o
                0x0800337c                Reset_Handler
                0x080033ae                _exit
 .text.Default_Handler
                0x080033c8        0x2 startup/startup_stm32f411xe.o
                0x080033c8                RTC_Alarm_IRQHandler
                0x080033c8                EXTI2_IRQHandler
                0x080033c8                SPI4_IRQHandler
                0x080033c8                TIM1_CC_IRQHandler
                0x080033c8                DMA2_Stream5_IRQHandler
                0x080033c8                DMA1_Stream5_IRQHandler
                0x080033c8                PVD_IRQHandler
                0x080033c8                SDIO_IRQHandler
                0x080033c8                TAMP_STAMP_IRQHandler
                0x080033c8                EXTI3_IRQHandler
                0x080033c8                TIM1_UP_TIM10_IRQHandler
                0x080033c8                I2C3_ER_IRQHandler
                0x080033c8                I2C2_EV_IRQHandler
                0x080033c8                DMA1_Stream2_IRQHandler
                0x080033c8                FPU_IRQHandler
                0x080033c8                DMA2_Stream2_IRQHandler
                0x080033c8                TIM1_BRK_TIM9_IRQHandler
                0x080033c8                DMA2_Stream3_IRQHandler
                0x080033c8                USART6_IRQHandler
                0x080033c8                DMA2_Stream0_IRQHandler
                0x080033c8                TIM4_IRQHandler
                0x080033c8                DMA1_Stream6_IRQHandler
                0x080033c8                DMA1_Stream1_IRQHandler
                0x080033c8                TIM3_IRQHandler
                0x080033c8                RCC_IRQHandler
                0x080033c8                Default_Handler
                0x080033c8                ADC_IRQHandler
                0x080033c8                DMA1_Stream7_IRQHandler
                0x080033c8                SPI5_IRQHandler
                0x080033c8                DMA2_Stream7_IRQHandler
                0x080033c8                I2C3_EV_IRQHandler
                0x080033c8                EXTI9_5_IRQHandler
                0x080033c8                RTC_WKUP_IRQHandler
                0x080033c8                SPI2_IRQHandler
                0x080033c8                DMA1_Stream0_IRQHandler
                0x080033c8                WWDG_IRQHandler
                0x080033c8                TIM2_IRQHandler
                0x080033c8                OTG_FS_WKUP_IRQHandler
                0x080033c8                TIM1_TRG_COM_TIM11_IRQHandler
                0x080033c8                I2C2_ER_IRQHandler
                0x080033c8                DMA2_Stream1_IRQHandler
                0x080033c8                FLASH_IRQHandler
                0x080033c8                DMA2_Stream4_IRQHandler
                0x080033c8                USART1_IRQHandler
                0x080033c8                OTG_FS_IRQHandler
                0x080033c8                SPI3_IRQHandler
                0x080033c8                DMA1_Stream4_IRQHandler
                0x080033c8                DMA2_Stream6_IRQHandler
                0x080033c8                DMA1_Stream3_IRQHandler
 *fill*         0x080033ca        0x2 
 .text.sprintf  0x080033cc       0x40 F:/Programs/STM32CubeIDE_1.15.1/STM32CubeIDE/plugins/com.st.stm32cube.ide.mcu.externaltools.gnu-tools-for-stm32.12.3.rel1.win32_1.0.100.202403111256/tools/bin/../lib/gcc/arm-none-eabi/12.3.1/../../../../arm-none-eabi/lib/thumb/v7e-m+fp/hard\libc_nano.a(libc_a-sprintf.o)
                0x080033cc                siprintf
                0x080033cc                sprintf
 .text.__libc_init_array
                0x0800340c       0x48 F:/Programs/STM32CubeIDE_1.15.1/STM32CubeIDE/plugins/com.st.stm32cube.ide.mcu.externaltools.gnu-tools-for-stm32.12.3.rel1.win32_1.0.100.202403111256/tools/bin/../lib/gcc/arm-none-eabi/12.3.1/../../../../arm-none-eabi/lib/thumb/v7e-m+fp/hard\libc_nano.a(libc_a-init.o)
                0x0800340c                __libc_init_array
 .text.__retarget_lock_acquire_recursive
                0x08003454        0x2 F:/Programs/STM32CubeIDE_1.15.1/STM32CubeIDE/plugins/com.st.stm32cube.ide.mcu.externaltools.gnu-tools-for-stm32.12.3.rel1.win32_1.0.100.202403111256/tools/bin/../lib/gcc/arm-none-eabi/12.3.1/../../../../arm-none-eabi/lib/thumb/v7e-m+fp/hard\libc_nano.a(libc_a-lock.o)
                0x08003454                __retarget_lock_acquire_recursive
 .text.__retarget_lock_release_recursive
                0x08003456        0x2 F:/Programs/STM32CubeIDE_1.15.1/STM32CubeIDE/plugins/com.st.stm32cube.ide.mcu.externaltools.gnu-tools-for-stm32.12.3.rel1.win32_1.0.100.202403111256/tools/bin/../lib/gcc/arm-none-eabi/12.3.1/../../../../arm-none-eabi/lib/thumb/v7e-m+fp/hard\libc_nano.a(libc_a-lock.o)
                0x08003456                __retarget_lock_release_recursive
 .text._free_r  0x08003458       0x94 F:/Programs/STM32CubeIDE_1.15.1/STM32CubeIDE/plugins/com.st.stm32cube.ide.mcu.externaltools.gnu-tools-for-stm32.12.3.rel1.win32_1.0.100.202403111256/tools/bin/../lib/gcc/arm-none-eabi/12.3.1/../../../../arm-none-eabi/lib/thumb/v7e-m+fp/hard\libc_nano.a(libc_a-freer.o)
                0x08003458                _free_r
 .text.sbrk_aligned
                0x080034ec       0x44 F:/Programs/STM32CubeIDE_1.15.1/STM32CubeIDE/plugins/com.st.stm32cube.ide.mcu.externaltools.gnu-tools-for-stm32.12.3.rel1.win32_1.0.100.202403111256/tools/bin/../lib/gcc/arm-none-eabi/12.3.1/../../../../arm-none-eabi/lib/thumb/v7e-m+fp/hard\libc_nano.a(libc_a-mallocr.o)
 .text._malloc_r
                0x08003530      0x100 F:/Programs/STM32CubeIDE_1.15.1/STM32CubeIDE/plugins/com.st.stm32cube.ide.mcu.externaltools.gnu-tools-for-stm32.12.3.rel1.win32_1.0.100.202403111256/tools/bin/../lib/gcc/arm-none-eabi/12.3.1/../../../../arm-none-eabi/lib/thumb/v7e-m+fp/hard\libc_nano.a(libc_a-mallocr.o)
                0x08003530                _malloc_r
 .text.__malloc_lock
                0x08003630        0xc F:/Programs/STM32CubeIDE_1.15.1/STM32CubeIDE/plugins/com.st.stm32cube.ide.mcu.externaltools.gnu-tools-for-stm32.12.3.rel1.win32_1.0.100.202403111256/tools/bin/../lib/gcc/arm-none-eabi/12.3.1/../../../../arm-none-eabi/lib/thumb/v7e-m+fp/hard\libc_nano.a(libc_a-mlock.o)
                0x08003630                __malloc_lock
 .text.__malloc_unlock
                0x0800363c        0xc F:/Programs/STM32CubeIDE_1.15.1/STM32CubeIDE/plugins/com.st.stm32cube.ide.mcu.externaltools.gnu-tools-for-stm32.12.3.rel1.win32_1.0.100.202403111256/tools/bin/../lib/gcc/arm-none-eabi/12.3.1/../../../../arm-none-eabi/lib/thumb/v7e-m+fp/hard\libc_nano.a(libc_a-mlock.o)
                0x0800363c                __malloc_unlock
 .text.__ssputs_r
                0x08003648       0xb6 F:/Programs/STM32CubeIDE_1.15.1/STM32CubeIDE/plugins/com.st.stm32cube.ide.mcu.externaltools.gnu-tools-for-stm32.12.3.rel1.win32_1.0.100.202403111256/tools/bin/../lib/gcc/arm-none-eabi/12.3.1/../../../../arm-none-eabi/lib/thumb/v7e-m+fp/hard\libc_nano.a(libc_a-nano-svfprintf.o)
                0x08003648                __ssputs_r
 *fill*         0x080036fe        0x2 
 .text._svfprintf_r
                0x08003700      0x1f8 F:/Programs/STM32CubeIDE_1.15.1/STM32CubeIDE/plugins/com.st.stm32cube.ide.mcu.externaltools.gnu-tools-for-stm32.12.3.rel1.win32_1.0.100.202403111256/tools/bin/../lib/gcc/arm-none-eabi/12.3.1/../../../../arm-none-eabi/lib/thumb/v7e-m+fp/hard\libc_nano.a(libc_a-nano-svfprintf.o)
                0x08003700                _svfiprintf_r
                0x08003700                _svfprintf_r
 .text._printf_common
                0x080038f8       0xda F:/Programs/STM32CubeIDE_1.15.1/STM32CubeIDE/plugins/com.st.stm32cube.ide.mcu.externaltools.gnu-tools-for-stm32.12.3.rel1.win32_1.0.100.202403111256/tools/bin/../lib/gcc/arm-none-eabi/12.3.1/../../../../arm-none-eabi/lib/thumb/v7e-m+fp/hard\libc_nano.a(libc_a-nano-vfprintf_i.o)
                0x080038f8                _printf_common
 *fill*         0x080039d2        0x2 
 .text._printf_i
                0x080039d4      0x240 F:/Programs/STM32CubeIDE_1.15.1/STM32CubeIDE/plugins/com.st.stm32cube.ide.mcu.externaltools.gnu-tools-for-stm32.12.3.rel1.win32_1.0.100.202403111256/tools/bin/../lib/gcc/arm-none-eabi/12.3.1/../../../../arm-none-eabi/lib/thumb/v7e-m+fp/hard\libc_nano.a(libc_a-nano-vfprintf_i.o)
                0x080039d4                _printf_i
 .text.memmove  0x08003c14       0x34 F:/Programs/STM32CubeIDE_1.15.1/STM32CubeIDE/plugins/com.st.stm32cube.ide.mcu.externaltools.gnu-tools-for-stm32.12.3.rel1.win32_1.0.100.202403111256/tools/bin/../lib/gcc/arm-none-eabi/12.3.1/../../../../arm-none-eabi/lib/thumb/v7e-m+fp/hard\libc_nano.a(libc_a-memmove.o)
                0x08003c14                memmove
 .text._sbrk_r  0x08003c48       0x20 F:/Programs/STM32CubeIDE_1.15.1/STM32CubeIDE/plugins/com.st.stm32cube.ide.mcu.externaltools.gnu-tools-for-stm32.12.3.rel1.win32_1.0.100.202403111256/tools/bin/../lib/gcc/arm-none-eabi/12.3.1/../../../../arm-none-eabi/lib/thumb/v7e-m+fp/hard\libc_nano.a(libc_a-sbrkr.o)
                0x08003c48                _sbrk_r
 .text.memcpy   0x08003c68       0x1c F:/Programs/STM32CubeIDE_1.15.1/STM32CubeIDE/plugins/com.st.stm32cube.ide.mcu.externaltools.gnu-tools-for-stm32.12.3.rel1.win32_1.0.100.202403111256/tools/bin/../lib/gcc/arm-none-eabi/12.3.1/../../../../arm-none-eabi/lib/thumb/v7e-m+fp/hard\libc_nano.a(libc_a-memcpy-stub.o)
                0x08003c68                memcpy
 .text._realloc_r
                0x08003c84       0x5c F:/Programs/STM32CubeIDE_1.15.1/STM32CubeIDE/plugins/com.st.stm32cube.ide.mcu.externaltools.gnu-tools-for-stm32.12.3.rel1.win32_1.0.100.202403111256/tools/bin/../lib/gcc/arm-none-eabi/12.3.1/../../../../arm-none-eabi/lib/thumb/v7e-m+fp/hard\libc_nano.a(libc_a-reallocr.o)
                0x08003c84                _realloc_r
 .text._malloc_usable_size_r
                0x08003ce0       0x10 F:/Programs/STM32CubeIDE_1.15.1/STM32CubeIDE/plugins/com.st.stm32cube.ide.mcu.externaltools.gnu-tools-for-stm32.12.3.rel1.win32_1.0.100.202403111256/tools/bin/../lib/gcc/arm-none-eabi/12.3.1/../../../../arm-none-eabi/lib/thumb/v7e-m+fp/hard\libc_nano.a(libc_a-msizer.o)
                0x08003ce0                _malloc_usable_size_r
 .text._sbrk    0x08003cf0       0x1c F:/Programs/STM32CubeIDE_1.15.1/STM32CubeIDE/plugins/com.st.stm32cube.ide.mcu.externaltools.gnu-tools-for-stm32.12.3.rel1.win32_1.0.100.202403111256/tools/bin/../lib/gcc/arm-none-eabi/12.3.1/../../../../arm-none-eabi/lib/thumb/v7e-m+fp/hard\libnosys.a(sbrk.o)
                0x08003cf0                _sbrk
 *(.glue_7)
 .glue_7        0x08003d0c        0x0 linker stubs
 *(.glue_7t)
 .glue_7t       0x08003d0c        0x0 linker stubs
 *(.eh_frame)
 .eh_frame      0x08003d0c        0x0 F:/Programs/STM32CubeIDE_1.15.1/STM32CubeIDE/plugins/com.st.stm32cube.ide.mcu.externaltools.gnu-tools-for-stm32.12.3.rel1.win32_1.0.100.202403111256/tools/bin/../lib/gcc/arm-none-eabi/12.3.1/thumb/v7e-m+fp/hard/crtbegin.o
 *(.init)
 .init          0x08003d0c        0x4 F:/Programs/STM32CubeIDE_1.15.1/STM32CubeIDE/plugins/com.st.stm32cube.ide.mcu.externaltools.gnu-tools-for-stm32.12.3.rel1.win32_1.0.100.202403111256/tools/bin/../lib/gcc/arm-none-eabi/12.3.1/thumb/v7e-m+fp/hard/crti.o
                0x08003d0c                _init
 .init          0x08003d10        0x8 F:/Programs/STM32CubeIDE_1.15.1/STM32CubeIDE/plugins/com.st.stm32cube.ide.mcu.externaltools.gnu-tools-for-stm32.12.3.rel1.win32_1.0.100.202403111256/tools/bin/../lib/gcc/arm-none-eabi/12.3.1/thumb/v7e-m+fp/hard/crtn.o
 *(.fini)
 .fini          0x08003d18        0x4 F:/Programs/STM32CubeIDE_1.15.1/STM32CubeIDE/plugins/com.st.stm32cube.ide.mcu.externaltools.gnu-tools-for-stm32.12.3.rel1.win32_1.0.100.202403111256/tools/bin/../lib/gcc/arm-none-eabi/12.3.1/thumb/v7e-m+fp/hard/crti.o
                0x08003d18                _fini
 .fini          0x08003d1c        0x8 F:/Programs/STM32CubeIDE_1.15.1/STM32CubeIDE/plugins/com.st.stm32cube.ide.mcu.externaltools.gnu-tools-for-stm32.12.3.rel1.win32_1.0.100.202403111256/tools/bin/../lib/gcc/arm-none-eabi/12.3.1/thumb/v7e-m+fp/hard/crtn.o
                0x08003d24                        . = ALIGN (0x4)
                0x08003d24                        _etext = .

.vfp11_veneer   0x08003d24        0x0
 .vfp11_veneer  0x08003d24        0x0 linker stubs

.v4_bx          0x08003d24        0x0
 .v4_bx         0x08003d24        0x0 linker stubs

.iplt           0x08003d24        0x0
 .iplt          0x08003d24        0x0 F:/Programs/STM32CubeIDE_1.15.1/STM32CubeIDE/plugins/com.st.stm32cube.ide.mcu.externaltools.gnu-tools-for-stm32.12.3.rel1.win32_1.0.100.202403111256/tools/bin/../lib/gcc/arm-none-eabi/12.3.1/thumb/v7e-m+fp/hard/crtbegin.o

.rodata         0x08003d24      0xa18
                0x08003d24                        . = ALIGN (0x4)
 *(.rodata)
 .rodata        0x08003d24       0x24 F:/Programs/STM32CubeIDE_1.15.1/STM32CubeIDE/plugins/com.st.stm32cube.ide.mcu.externaltools.gnu-tools-for-stm32.12.3.rel1.win32_1.0.100.202403111256/tools/bin/../lib/gcc/arm-none-eabi/12.3.1/thumb/v7e-m+fp/hard/crtbegin.o
 .rodata        0x08003d48      0x114 startup/stm32f411_periph.o
                0x08003d48                _SCnSCB
                0x08003d4c                _SCB
                0x08003d50                _SysTick
                0x08003d54                _NVIC
                0x08003d58                _ITM
                0x08003d5c                _DWT
                0x08003d60                _TPI
                0x08003d64                _CoreDebug
                0x08003d68                _MPU
                0x08003d6c                _FPU
                0x08003d70                _TIM2
                0x08003d74                _TIM3
                0x08003d78                _TIM4
                0x08003d7c                _TIM5
                0x08003d80                _RTC
                0x08003d84                _WWDG
                0x08003d88                _IWDG
                0x08003d8c                _I2S2ext
                0x08003d90                _SPI2
                0x08003d94                _SPI3
                0x08003d98                _I2S3ext
                0x08003d9c                _USART2
                0x08003da0                _I2C1
                0x08003da4                _I2C2
                0x08003da8                _I2C3
                0x08003dac                _PWR
                0x08003db0                _TIM1
                0x08003db4                _USART1
                0x08003db8                _USART6
                0x08003dbc                _ADC1
                0x08003dc0                _ADC
                0x08003dc4                _SDIO
                0x08003dc8                _SPI1
                0x08003dcc                _SPI4
                0x08003dd0                _SYSCFG
                0x08003dd4                _EXTI
                0x08003dd8                _TIM9
                0x08003ddc                _TIM10
                0x08003de0                _TIM11
                0x08003de4                _SPI5
                0x08003de8                _GPIOA
                0x08003dec                _GPIOB
                0x08003df0                _GPIOC
                0x08003df4                _GPIOD
                0x08003df8                _GPIOE
                0x08003dfc                _GPIOH
                0x08003e00                _CRC
                0x08003e04                _RCC
                0x08003e08                _FLASH
                0x08003e0c                _DMA1
                0x08003e10                _DMA1_Stream0
                0x08003e14                _DMA1_Stream1
                0x08003e18                _DMA1_Stream2
                0x08003e1c                _DMA1_Stream3
                0x08003e20                _DMA1_Stream4
                0x08003e24                _DMA1_Stream5
                0x08003e28                _DMA1_Stream6
                0x08003e2c                _DMA1_Stream7
                0x08003e30                _DMA2
                0x08003e34                _DMA2_Stream0
                0x08003e38                _DMA2_Stream1
                0x08003e3c                _DMA2_Stream2
                0x08003e40                _DMA2_Stream3
                0x08003e44                _DMA2_Stream4
                0x08003e48                _DMA2_Stream5
                0x08003e4c                _DMA2_Stream6
                0x08003e50                _DMA2_Stream7
                0x08003e54                _DBGMCU
                0x08003e58                _USB_OTG_FS
 .rodata        0x08003e5c       0x10 startup/system_stm32f4xx.o
                0x08003e5c                AHBPrescTable
 .rodata        0x08003e6c      0x724 mbed_shield/src/lcd_128x32.o
 .rodata        0x08004590      0x153 src/main.o
                0x08004590                Init_Register_Array
                0x080045f8                Init_PS_Array
                0x08004640                Init_Gesture_Array
                0x0800467c                initRegisterArray
 *fill*         0x080046e3        0x1 
 .rodata        0x080046e4       0x24 F:/Programs/STM32CubeIDE_1.15.1/STM32CubeIDE/plugins/com.st.stm32cube.ide.mcu.externaltools.gnu-tools-for-stm32.12.3.rel1.win32_1.0.100.202403111256/tools/bin/../lib/gcc/arm-none-eabi/12.3.1/thumb/v7e-m+fp/hard/crtend.o
 *(.rodata*)
 .rodata._svfprintf_r.str1.1
                0x08004708       0x11 F:/Programs/STM32CubeIDE_1.15.1/STM32CubeIDE/plugins/com.st.stm32cube.ide.mcu.externaltools.gnu-tools-for-stm32.12.3.rel1.win32_1.0.100.202403111256/tools/bin/../lib/gcc/arm-none-eabi/12.3.1/../../../../arm-none-eabi/lib/thumb/v7e-m+fp/hard\libc_nano.a(libc_a-nano-svfprintf.o)
 .rodata._printf_i.str1.1
                0x08004719       0x22 F:/Programs/STM32CubeIDE_1.15.1/STM32CubeIDE/plugins/com.st.stm32cube.ide.mcu.externaltools.gnu-tools-for-stm32.12.3.rel1.win32_1.0.100.202403111256/tools/bin/../lib/gcc/arm-none-eabi/12.3.1/../../../../arm-none-eabi/lib/thumb/v7e-m+fp/hard\libc_nano.a(libc_a-nano-vfprintf_i.o)
                0x0800473c                        . = ALIGN (0x4)
 *fill*         0x0800473b        0x1 

.ARM.extab
 *(.ARM.extab* .gnu.linkonce.armextab.*)

.ARM            0x0800473c        0x8
                0x0800473c                        __exidx_start = .
 *(.ARM.exidx*)
 .ARM.exidx     0x0800473c        0x8 F:/Programs/STM32CubeIDE_1.15.1/STM32CubeIDE/plugins/com.st.stm32cube.ide.mcu.externaltools.gnu-tools-for-stm32.12.3.rel1.win32_1.0.100.202403111256/tools/bin/../lib/gcc/arm-none-eabi/12.3.1/../../../../arm-none-eabi/lib/thumb/v7e-m+fp/hard\libc_nano.a(libc_a-strlen.o)
 .ARM.exidx     0x08004744        0x0 F:/Programs/STM32CubeIDE_1.15.1/STM32CubeIDE/plugins/com.st.stm32cube.ide.mcu.externaltools.gnu-tools-for-stm32.12.3.rel1.win32_1.0.100.202403111256/tools/bin/../lib/gcc/arm-none-eabi/12.3.1/../../../../arm-none-eabi/lib/thumb/v7e-m+fp/hard\libc_nano.a(libc_a-memchr.o)
                                  0x8 (size before relaxing)
                0x08004744                        __exidx_end = .

.rel.dyn        0x08004744        0x0
 .rel.iplt      0x08004744        0x0 F:/Programs/STM32CubeIDE_1.15.1/STM32CubeIDE/plugins/com.st.stm32cube.ide.mcu.externaltools.gnu-tools-for-stm32.12.3.rel1.win32_1.0.100.202403111256/tools/bin/../lib/gcc/arm-none-eabi/12.3.1/thumb/v7e-m+fp/hard/crtbegin.o

.preinit_array  0x08004744        0x0
                0x08004744                        PROVIDE (__preinit_array_start = .)
 *(.preinit_array*)
                0x08004744                        PROVIDE (__preinit_array_end = .)

.init_array     0x08004744        0x4
                0x08004744                        PROVIDE (__init_array_start = .)
 *(SORT_BY_NAME(.init_array.*))
 *(.init_array*)
 .init_array    0x08004744        0x4 F:/Programs/STM32CubeIDE_1.15.1/STM32CubeIDE/plugins/com.st.stm32cube.ide.mcu.externaltools.gnu-tools-for-stm32.12.3.rel1.win32_1.0.100.202403111256/tools/bin/../lib/gcc/arm-none-eabi/12.3.1/thumb/v7e-m+fp/hard/crtbegin.o
                0x08004748                        PROVIDE (__init_array_end = .)

.fini_array     0x08004748        0x4
                [!provide]                        PROVIDE (__fini_array_start = .)
 *(SORT_BY_NAME(.fini_array.*))
 *(.fini_array*)
 .fini_array    0x08004748        0x4 F:/Programs/STM32CubeIDE_1.15.1/STM32CubeIDE/plugins/com.st.stm32cube.ide.mcu.externaltools.gnu-tools-for-stm32.12.3.rel1.win32_1.0.100.202403111256/tools/bin/../lib/gcc/arm-none-eabi/12.3.1/thumb/v7e-m+fp/hard/crtbegin.o
                [!provide]                        PROVIDE (__fini_array_end = .)
                0x0800474c                        _sidata = LOADADDR (.data)

.data           0x20000000      0x118 load address 0x0800474c
                0x20000000                        . = ALIGN (0x4)
                0x20000000                        _sdata = .
 *(.data)
 .data          0x20000000        0x4 startup/system_stm32f4xx.o
                0x20000000                SystemCoreClock
 .data          0x20000004       0xa8 STM32F4xx_HAL_Driver/src/stm32f4xx_ll_rcc.o
 .data          0x200000ac       0x11 STM32F4xx_HAL_Driver/src/util.o
 *fill*         0x200000bd        0x3 
 .data          0x200000c0        0x5 STM32F4xx_HAL_Driver/src/stm32f4xx_hal.o
                0x200000c0                uwTickPrio
                0x200000c4                uwTickFreq
 *(.data*)
 *fill*         0x200000c5        0x3 
 .data._impure_ptr
                0x200000c8        0x4 F:/Programs/STM32CubeIDE_1.15.1/STM32CubeIDE/plugins/com.st.stm32cube.ide.mcu.externaltools.gnu-tools-for-stm32.12.3.rel1.win32_1.0.100.202403111256/tools/bin/../lib/gcc/arm-none-eabi/12.3.1/../../../../arm-none-eabi/lib/thumb/v7e-m+fp/hard\libc_nano.a(libc_a-impure.o)
                0x200000c8                _impure_ptr
 .data._impure_data
                0x200000cc       0x4c F:/Programs/STM32CubeIDE_1.15.1/STM32CubeIDE/plugins/com.st.stm32cube.ide.mcu.externaltools.gnu-tools-for-stm32.12.3.rel1.win32_1.0.100.202403111256/tools/bin/../lib/gcc/arm-none-eabi/12.3.1/../../../../arm-none-eabi/lib/thumb/v7e-m+fp/hard\libc_nano.a(libc_a-impure.o)
                0x200000cc                _impure_data
                0x20000118                        . = ALIGN (0x4)
                0x20000118                        _edata = .

.igot.plt       0x20000118        0x0 load address 0x08004864
 .igot.plt      0x20000118        0x0 F:/Programs/STM32CubeIDE_1.15.1/STM32CubeIDE/plugins/com.st.stm32cube.ide.mcu.externaltools.gnu-tools-for-stm32.12.3.rel1.win32_1.0.100.202403111256/tools/bin/../lib/gcc/arm-none-eabi/12.3.1/thumb/v7e-m+fp/hard/crtbegin.o
                0x20000118                        . = ALIGN (0x4)

.bss            0x20000118      0x494 load address 0x08004864
                0x20000118                        _sbss = .
                0x20000118                        __bss_start__ = _sbss
 *(.bss)
 .bss           0x20000118       0x1c F:/Programs/STM32CubeIDE_1.15.1/STM32CubeIDE/plugins/com.st.stm32cube.ide.mcu.externaltools.gnu-tools-for-stm32.12.3.rel1.win32_1.0.100.202403111256/tools/bin/../lib/gcc/arm-none-eabi/12.3.1/thumb/v7e-m+fp/hard/crtbegin.o
 .bss           0x20000134       0x14 startup/system_stm32f4xx.o
                0x20000134                sysclks
 .bss           0x20000148        0x4 STM32F4xx_HAL_Driver/src/stm32f4xx_hal_i2c.o
                0x20000148                nb_irqs_i2c
 .bss           0x2000014c        0x4 STM32F4xx_HAL_Driver/src/stm32f4xx_hal.o
                0x2000014c                uwTick
 .bss           0x20000150       0x10 STM32F4xx_HAL_Driver/src/stm32f4xx_hal_spi.o
                0x20000150                cpt
                0x20000154                cpt1
                0x20000158                cpt2
                0x2000015c                sr
 .bss           0x20000160      0x264 mbed_shield/src/lcd_128x32.o
                0x20000370                hspi1
 .bss           0x200003c4       0x9c src/main.o
                0x200003c4                htim3
                0x200003d8                htim5
                0x200003ec                huart2
                0x2000041c                hi2c1
 *(.bss*)
 .bss.__sf      0x20000460      0x138 F:/Programs/STM32CubeIDE_1.15.1/STM32CubeIDE/plugins/com.st.stm32cube.ide.mcu.externaltools.gnu-tools-for-stm32.12.3.rel1.win32_1.0.100.202403111256/tools/bin/../lib/gcc/arm-none-eabi/12.3.1/../../../../arm-none-eabi/lib/thumb/v7e-m+fp/hard\libc_nano.a(libc_a-findfp.o)
                0x20000460                __sf
 .bss.errno     0x20000598        0x4 F:/Programs/STM32CubeIDE_1.15.1/STM32CubeIDE/plugins/com.st.stm32cube.ide.mcu.externaltools.gnu-tools-for-stm32.12.3.rel1.win32_1.0.100.202403111256/tools/bin/../lib/gcc/arm-none-eabi/12.3.1/../../../../arm-none-eabi/lib/thumb/v7e-m+fp/hard\libc_nano.a(libc_a-reent.o)
                0x20000598                errno
 .bss.__lock___malloc_recursive_mutex
                0x2000059c        0x1 F:/Programs/STM32CubeIDE_1.15.1/STM32CubeIDE/plugins/com.st.stm32cube.ide.mcu.externaltools.gnu-tools-for-stm32.12.3.rel1.win32_1.0.100.202403111256/tools/bin/../lib/gcc/arm-none-eabi/12.3.1/../../../../arm-none-eabi/lib/thumb/v7e-m+fp/hard\libc_nano.a(libc_a-lock.o)
                0x2000059c                __lock___malloc_recursive_mutex
 *fill*         0x2000059d        0x3 
 .bss.__malloc_sbrk_start
                0x200005a0        0x4 F:/Programs/STM32CubeIDE_1.15.1/STM32CubeIDE/plugins/com.st.stm32cube.ide.mcu.externaltools.gnu-tools-for-stm32.12.3.rel1.win32_1.0.100.202403111256/tools/bin/../lib/gcc/arm-none-eabi/12.3.1/../../../../arm-none-eabi/lib/thumb/v7e-m+fp/hard\libc_nano.a(libc_a-mallocr.o)
                0x200005a0                __malloc_sbrk_start
 .bss.__malloc_free_list
                0x200005a4        0x4 F:/Programs/STM32CubeIDE_1.15.1/STM32CubeIDE/plugins/com.st.stm32cube.ide.mcu.externaltools.gnu-tools-for-stm32.12.3.rel1.win32_1.0.100.202403111256/tools/bin/../lib/gcc/arm-none-eabi/12.3.1/../../../../arm-none-eabi/lib/thumb/v7e-m+fp/hard\libc_nano.a(libc_a-mallocr.o)
                0x200005a4                __malloc_free_list
 .bss.heap_end.0
                0x200005a8        0x4 F:/Programs/STM32CubeIDE_1.15.1/STM32CubeIDE/plugins/com.st.stm32cube.ide.mcu.externaltools.gnu-tools-for-stm32.12.3.rel1.win32_1.0.100.202403111256/tools/bin/../lib/gcc/arm-none-eabi/12.3.1/../../../../arm-none-eabi/lib/thumb/v7e-m+fp/hard\libnosys.a(sbrk.o)
 *(COMMON)
                0x200005ac                        . = ALIGN (0x4)
                0x200005ac                        _ebss = .
                0x200005ac                        __bss_end__ = _ebss

._user_heap_stack
                0x200005ac      0x600 load address 0x08004864
                0x200005ac                        . = ALIGN (0x4)
                0x200005ac                        PROVIDE (end = .)
                [!provide]                        PROVIDE (_end = .)
                0x200007ac                        . = (. + _Min_Heap_Size)
 *fill*         0x200005ac      0x200 
                0x20000bac                        . = (. + _Min_Stack_Size)
 *fill*         0x200007ac      0x400 
                0x20000bac                        . = ALIGN (0x4)

/DISCARD/
 libc.a(*)
 libm.a(*)
 libgcc.a(*)

.ARM.attributes
                0x00000000       0x30
 *(.ARM.attributes)
 .ARM.attributes
                0x00000000       0x22 F:/Programs/STM32CubeIDE_1.15.1/STM32CubeIDE/plugins/com.st.stm32cube.ide.mcu.externaltools.gnu-tools-for-stm32.12.3.rel1.win32_1.0.100.202403111256/tools/bin/../lib/gcc/arm-none-eabi/12.3.1/thumb/v7e-m+fp/hard/crti.o
 .ARM.attributes
                0x00000022       0x34 F:/Programs/STM32CubeIDE_1.15.1/STM32CubeIDE/plugins/com.st.stm32cube.ide.mcu.externaltools.gnu-tools-for-stm32.12.3.rel1.win32_1.0.100.202403111256/tools/bin/../lib/gcc/arm-none-eabi/12.3.1/thumb/v7e-m+fp/hard/crtbegin.o
 .ARM.attributes
                0x00000056       0x34 startup/stm32f411_periph.o
 .ARM.attributes
                0x0000008a       0x34 startup/sys_handlers.o
 .ARM.attributes
                0x000000be       0x34 startup/system_stm32f4xx.o
 .ARM.attributes
                0x000000f2       0x34 STM32F4xx_HAL_Driver/src/stm32f4xx_ll_rcc.o
 .ARM.attributes
                0x00000126       0x34 STM32F4xx_HAL_Driver/src/stm32f4xx_hal_i2c.o
 .ARM.attributes
                0x0000015a       0x34 STM32F4xx_HAL_Driver/src/util.o
 .ARM.attributes
                0x0000018e       0x34 STM32F4xx_HAL_Driver/src/stm32f4xx_hal.o
 .ARM.attributes
                0x000001c2       0x34 STM32F4xx_HAL_Driver/src/stm32f4xx_hal_cortex.o
 .ARM.attributes
                0x000001f6       0x34 STM32F4xx_HAL_Driver/src/stm32f4xx_hal_uart.o
 .ARM.attributes
                0x0000022a       0x34 STM32F4xx_HAL_Driver/src/stm32f4xx_hal_gpio.o
 .ARM.attributes
                0x0000025e       0x34 STM32F4xx_HAL_Driver/src/stm32f4xx_hal_tim.o
 .ARM.attributes
                0x00000292       0x34 STM32F4xx_HAL_Driver/src/stm32f4xx_hal_spi.o
 .ARM.attributes
                0x000002c6       0x34 mbed_shield/src/leds.o
 .ARM.attributes
                0x000002fa       0x34 mbed_shield/src/lcd_128x32.o
 .ARM.attributes
                0x0000032e       0x34 src/stm32f4xx_hal_msp.o
 .ARM.attributes
                0x00000362       0x34 src/stm32f4xx_it.o
 .ARM.attributes
                0x00000396       0x34 src/main.o
 .ARM.attributes
                0x000003ca       0x21 startup/startup_stm32f411xe.o
 .ARM.attributes
                0x000003eb       0x34 F:/Programs/STM32CubeIDE_1.15.1/STM32CubeIDE/plugins/com.st.stm32cube.ide.mcu.externaltools.gnu-tools-for-stm32.12.3.rel1.win32_1.0.100.202403111256/tools/bin/../lib/gcc/arm-none-eabi/12.3.1/../../../../arm-none-eabi/lib/thumb/v7e-m+fp/hard\libc_nano.a(libc_a-findfp.o)
 .ARM.attributes
                0x0000041f       0x34 F:/Programs/STM32CubeIDE_1.15.1/STM32CubeIDE/plugins/com.st.stm32cube.ide.mcu.externaltools.gnu-tools-for-stm32.12.3.rel1.win32_1.0.100.202403111256/tools/bin/../lib/gcc/arm-none-eabi/12.3.1/../../../../arm-none-eabi/lib/thumb/v7e-m+fp/hard\libc_nano.a(libc_a-sprintf.o)
 .ARM.attributes
                0x00000453       0x34 F:/Programs/STM32CubeIDE_1.15.1/STM32CubeIDE/plugins/com.st.stm32cube.ide.mcu.externaltools.gnu-tools-for-stm32.12.3.rel1.win32_1.0.100.202403111256/tools/bin/../lib/gcc/arm-none-eabi/12.3.1/../../../../arm-none-eabi/lib/thumb/v7e-m+fp/hard\libc_nano.a(libc_a-reent.o)
 .ARM.attributes
                0x00000487       0x34 F:/Programs/STM32CubeIDE_1.15.1/STM32CubeIDE/plugins/com.st.stm32cube.ide.mcu.externaltools.gnu-tools-for-stm32.12.3.rel1.win32_1.0.100.202403111256/tools/bin/../lib/gcc/arm-none-eabi/12.3.1/../../../../arm-none-eabi/lib/thumb/v7e-m+fp/hard\libc_nano.a(libc_a-impure.o)
 .ARM.attributes
                0x000004bb       0x34 F:/Programs/STM32CubeIDE_1.15.1/STM32CubeIDE/plugins/com.st.stm32cube.ide.mcu.externaltools.gnu-tools-for-stm32.12.3.rel1.win32_1.0.100.202403111256/tools/bin/../lib/gcc/arm-none-eabi/12.3.1/../../../../arm-none-eabi/lib/thumb/v7e-m+fp/hard\libc_nano.a(libc_a-init.o)
 .ARM.attributes
                0x000004ef       0x34 F:/Programs/STM32CubeIDE_1.15.1/STM32CubeIDE/plugins/com.st.stm32cube.ide.mcu.externaltools.gnu-tools-for-stm32.12.3.rel1.win32_1.0.100.202403111256/tools/bin/../lib/gcc/arm-none-eabi/12.3.1/../../../../arm-none-eabi/lib/thumb/v7e-m+fp/hard\libc_nano.a(libc_a-lock.o)
 .ARM.attributes
                0x00000523       0x17 F:/Programs/STM32CubeIDE_1.15.1/STM32CubeIDE/plugins/com.st.stm32cube.ide.mcu.externaltools.gnu-tools-for-stm32.12.3.rel1.win32_1.0.100.202403111256/tools/bin/../lib/gcc/arm-none-eabi/12.3.1/../../../../arm-none-eabi/lib/thumb/v7e-m+fp/hard\libc_nano.a(libc_a-strlen.o)
 .ARM.attributes
                0x0000053a       0x34 F:/Programs/STM32CubeIDE_1.15.1/STM32CubeIDE/plugins/com.st.stm32cube.ide.mcu.externaltools.gnu-tools-for-stm32.12.3.rel1.win32_1.0.100.202403111256/tools/bin/../lib/gcc/arm-none-eabi/12.3.1/../../../../arm-none-eabi/lib/thumb/v7e-m+fp/hard\libc_nano.a(libc_a-freer.o)
 .ARM.attributes
                0x0000056e       0x34 F:/Programs/STM32CubeIDE_1.15.1/STM32CubeIDE/plugins/com.st.stm32cube.ide.mcu.externaltools.gnu-tools-for-stm32.12.3.rel1.win32_1.0.100.202403111256/tools/bin/../lib/gcc/arm-none-eabi/12.3.1/../../../../arm-none-eabi/lib/thumb/v7e-m+fp/hard\libc_nano.a(libc_a-mallocr.o)
 .ARM.attributes
                0x000005a2       0x34 F:/Programs/STM32CubeIDE_1.15.1/STM32CubeIDE/plugins/com.st.stm32cube.ide.mcu.externaltools.gnu-tools-for-stm32.12.3.rel1.win32_1.0.100.202403111256/tools/bin/../lib/gcc/arm-none-eabi/12.3.1/../../../../arm-none-eabi/lib/thumb/v7e-m+fp/hard\libc_nano.a(libc_a-mlock.o)
 .ARM.attributes
                0x000005d6       0x34 F:/Programs/STM32CubeIDE_1.15.1/STM32CubeIDE/plugins/com.st.stm32cube.ide.mcu.externaltools.gnu-tools-for-stm32.12.3.rel1.win32_1.0.100.202403111256/tools/bin/../lib/gcc/arm-none-eabi/12.3.1/../../../../arm-none-eabi/lib/thumb/v7e-m+fp/hard\libc_nano.a(libc_a-nano-svfprintf.o)
 .ARM.attributes
                0x0000060a       0x34 F:/Programs/STM32CubeIDE_1.15.1/STM32CubeIDE/plugins/com.st.stm32cube.ide.mcu.externaltools.gnu-tools-for-stm32.12.3.rel1.win32_1.0.100.202403111256/tools/bin/../lib/gcc/arm-none-eabi/12.3.1/../../../../arm-none-eabi/lib/thumb/v7e-m+fp/hard\libc_nano.a(libc_a-nano-vfprintf_i.o)
 .ARM.attributes
                0x0000063e       0x34 F:/Programs/STM32CubeIDE_1.15.1/STM32CubeIDE/plugins/com.st.stm32cube.ide.mcu.externaltools.gnu-tools-for-stm32.12.3.rel1.win32_1.0.100.202403111256/tools/bin/../lib/gcc/arm-none-eabi/12.3.1/../../../../arm-none-eabi/lib/thumb/v7e-m+fp/hard\libc_nano.a(libc_a-memmove.o)
 .ARM.attributes
                0x00000672       0x34 F:/Programs/STM32CubeIDE_1.15.1/STM32CubeIDE/plugins/com.st.stm32cube.ide.mcu.externaltools.gnu-tools-for-stm32.12.3.rel1.win32_1.0.100.202403111256/tools/bin/../lib/gcc/arm-none-eabi/12.3.1/../../../../arm-none-eabi/lib/thumb/v7e-m+fp/hard\libc_nano.a(libc_a-sbrkr.o)
 .ARM.attributes
                0x000006a6       0x1c F:/Programs/STM32CubeIDE_1.15.1/STM32CubeIDE/plugins/com.st.stm32cube.ide.mcu.externaltools.gnu-tools-for-stm32.12.3.rel1.win32_1.0.100.202403111256/tools/bin/../lib/gcc/arm-none-eabi/12.3.1/../../../../arm-none-eabi/lib/thumb/v7e-m+fp/hard\libc_nano.a(libc_a-memchr.o)
 .ARM.attributes
                0x000006c2       0x34 F:/Programs/STM32CubeIDE_1.15.1/STM32CubeIDE/plugins/com.st.stm32cube.ide.mcu.externaltools.gnu-tools-for-stm32.12.3.rel1.win32_1.0.100.202403111256/tools/bin/../lib/gcc/arm-none-eabi/12.3.1/../../../../arm-none-eabi/lib/thumb/v7e-m+fp/hard\libc_nano.a(libc_a-memcpy-stub.o)
 .ARM.attributes
                0x000006f6       0x34 F:/Programs/STM32CubeIDE_1.15.1/STM32CubeIDE/plugins/com.st.stm32cube.ide.mcu.externaltools.gnu-tools-for-stm32.12.3.rel1.win32_1.0.100.202403111256/tools/bin/../lib/gcc/arm-none-eabi/12.3.1/../../../../arm-none-eabi/lib/thumb/v7e-m+fp/hard\libc_nano.a(libc_a-reallocr.o)
 .ARM.attributes
                0x0000072a       0x34 F:/Programs/STM32CubeIDE_1.15.1/STM32CubeIDE/plugins/com.st.stm32cube.ide.mcu.externaltools.gnu-tools-for-stm32.12.3.rel1.win32_1.0.100.202403111256/tools/bin/../lib/gcc/arm-none-eabi/12.3.1/../../../../arm-none-eabi/lib/thumb/v7e-m+fp/hard\libc_nano.a(libc_a-msizer.o)
 .ARM.attributes
                0x0000075e       0x22 F:/Programs/STM32CubeIDE_1.15.1/STM32CubeIDE/plugins/com.st.stm32cube.ide.mcu.externaltools.gnu-tools-for-stm32.12.3.rel1.win32_1.0.100.202403111256/tools/bin/../lib/gcc/arm-none-eabi/12.3.1/thumb/v7e-m+fp/hard\libgcc.a(_arm_addsubdf3.o)
 .ARM.attributes
                0x00000780       0x22 F:/Programs/STM32CubeIDE_1.15.1/STM32CubeIDE/plugins/com.st.stm32cube.ide.mcu.externaltools.gnu-tools-for-stm32.12.3.rel1.win32_1.0.100.202403111256/tools/bin/../lib/gcc/arm-none-eabi/12.3.1/thumb/v7e-m+fp/hard\libgcc.a(_arm_muldivdf3.o)
 .ARM.attributes
                0x000007a2       0x22 F:/Programs/STM32CubeIDE_1.15.1/STM32CubeIDE/plugins/com.st.stm32cube.ide.mcu.externaltools.gnu-tools-for-stm32.12.3.rel1.win32_1.0.100.202403111256/tools/bin/../lib/gcc/arm-none-eabi/12.3.1/thumb/v7e-m+fp/hard\libgcc.a(_arm_truncdfsf2.o)
 .ARM.attributes
                0x000007c4       0x34 F:/Programs/STM32CubeIDE_1.15.1/STM32CubeIDE/plugins/com.st.stm32cube.ide.mcu.externaltools.gnu-tools-for-stm32.12.3.rel1.win32_1.0.100.202403111256/tools/bin/../lib/gcc/arm-none-eabi/12.3.1/../../../../arm-none-eabi/lib/thumb/v7e-m+fp/hard\libnosys.a(sbrk.o)
 .ARM.attributes
                0x000007f8       0x34 F:/Programs/STM32CubeIDE_1.15.1/STM32CubeIDE/plugins/com.st.stm32cube.ide.mcu.externaltools.gnu-tools-for-stm32.12.3.rel1.win32_1.0.100.202403111256/tools/bin/../lib/gcc/arm-none-eabi/12.3.1/thumb/v7e-m+fp/hard/crtend.o
 .ARM.attributes
                0x0000082c       0x22 F:/Programs/STM32CubeIDE_1.15.1/STM32CubeIDE/plugins/com.st.stm32cube.ide.mcu.externaltools.gnu-tools-for-stm32.12.3.rel1.win32_1.0.100.202403111256/tools/bin/../lib/gcc/arm-none-eabi/12.3.1/thumb/v7e-m+fp/hard/crtn.o
OUTPUT(main.elf elf32-littlearm)
LOAD linker stubs
LOAD F:/Programs/STM32CubeIDE_1.15.1/STM32CubeIDE/plugins/com.st.stm32cube.ide.mcu.externaltools.gnu-tools-for-stm32.12.3.rel1.win32_1.0.100.202403111256/tools/bin/../lib/gcc/arm-none-eabi/12.3.1/../../../../arm-none-eabi/lib/thumb/v7e-m+fp/hard\libc.a
LOAD F:/Programs/STM32CubeIDE_1.15.1/STM32CubeIDE/plugins/com.st.stm32cube.ide.mcu.externaltools.gnu-tools-for-stm32.12.3.rel1.win32_1.0.100.202403111256/tools/bin/../lib/gcc/arm-none-eabi/12.3.1/../../../../arm-none-eabi/lib/thumb/v7e-m+fp/hard\libm.a
LOAD F:/Programs/STM32CubeIDE_1.15.1/STM32CubeIDE/plugins/com.st.stm32cube.ide.mcu.externaltools.gnu-tools-for-stm32.12.3.rel1.win32_1.0.100.202403111256/tools/bin/../lib/gcc/arm-none-eabi/12.3.1/thumb/v7e-m+fp/hard\libgcc.a

.debug_info     0x00000000     0x897d
 .debug_info    0x00000000     0x224d startup/stm32f411_periph.o
 .debug_info    0x0000224d       0xf4 startup/sys_handlers.o
 .debug_info    0x00002341      0x5d2 startup/system_stm32f4xx.o
 .debug_info    0x00002913      0x56e STM32F4xx_HAL_Driver/src/stm32f4xx_ll_rcc.o
 .debug_info    0x00002e81      0x52a STM32F4xx_HAL_Driver/src/stm32f4xx_hal_i2c.o
 .debug_info    0x000033ab      0x2f3 STM32F4xx_HAL_Driver/src/util.o
 .debug_info    0x0000369e      0x635 STM32F4xx_HAL_Driver/src/stm32f4xx_hal.o
 .debug_info    0x00003cd3      0xc9f STM32F4xx_HAL_Driver/src/stm32f4xx_hal_cortex.o
 .debug_info    0x00004972      0x607 STM32F4xx_HAL_Driver/src/stm32f4xx_hal_uart.o
 .debug_info    0x00004f79      0x5c0 STM32F4xx_HAL_Driver/src/stm32f4xx_hal_gpio.o
 .debug_info    0x00005539      0x425 STM32F4xx_HAL_Driver/src/stm32f4xx_hal_tim.o
 .debug_info    0x0000595e      0x43c STM32F4xx_HAL_Driver/src/stm32f4xx_hal_spi.o
 .debug_info    0x00005d9a      0x112 mbed_shield/src/leds.o
 .debug_info    0x00005eac      0xed9 mbed_shield/src/lcd_128x32.o
 .debug_info    0x00006d85      0xa50 src/stm32f4xx_hal_msp.o
 .debug_info    0x000077d5      0x881 src/stm32f4xx_it.o
 .debug_info    0x00008056      0x905 src/main.o
 .debug_info    0x0000895b       0x22 startup/startup_stm32f411xe.o

.debug_abbrev   0x00000000     0x1ca6
 .debug_abbrev  0x00000000      0x16c startup/stm32f411_periph.o
 .debug_abbrev  0x0000016c       0x45 startup/sys_handlers.o
 .debug_abbrev  0x000001b1      0x190 startup/system_stm32f4xx.o
 .debug_abbrev  0x00000341      0x18b STM32F4xx_HAL_Driver/src/stm32f4xx_ll_rcc.o
 .debug_abbrev  0x000004cc      0x199 STM32F4xx_HAL_Driver/src/stm32f4xx_hal_i2c.o
 .debug_abbrev  0x00000665      0x126 STM32F4xx_HAL_Driver/src/util.o
 .debug_abbrev  0x0000078b      0x20a STM32F4xx_HAL_Driver/src/stm32f4xx_hal.o
 .debug_abbrev  0x00000995      0x309 STM32F4xx_HAL_Driver/src/stm32f4xx_hal_cortex.o
 .debug_abbrev  0x00000c9e      0x230 STM32F4xx_HAL_Driver/src/stm32f4xx_hal_uart.o
 .debug_abbrev  0x00000ece      0x186 STM32F4xx_HAL_Driver/src/stm32f4xx_hal_gpio.o
 .debug_abbrev  0x00001054      0x146 STM32F4xx_HAL_Driver/src/stm32f4xx_hal_tim.o
 .debug_abbrev  0x0000119a      0x174 STM32F4xx_HAL_Driver/src/stm32f4xx_hal_spi.o
 .debug_abbrev  0x0000130e       0x81 mbed_shield/src/leds.o
 .debug_abbrev  0x0000138f      0x35b mbed_shield/src/lcd_128x32.o
 .debug_abbrev  0x000016ea      0x1f3 src/stm32f4xx_hal_msp.o
 .debug_abbrev  0x000018dd      0x162 src/stm32f4xx_it.o
 .debug_abbrev  0x00001a3f      0x255 src/main.o
 .debug_abbrev  0x00001c94       0x12 startup/startup_stm32f411xe.o

.debug_aranges  0x00000000      0x240
 .debug_aranges
                0x00000000       0x18 startup/stm32f411_periph.o
 .debug_aranges
                0x00000018       0x20 startup/sys_handlers.o
 .debug_aranges
                0x00000038       0x20 startup/system_stm32f4xx.o
 .debug_aranges
                0x00000058       0x20 STM32F4xx_HAL_Driver/src/stm32f4xx_ll_rcc.o
 .debug_aranges
                0x00000078       0x20 STM32F4xx_HAL_Driver/src/stm32f4xx_hal_i2c.o
 .debug_aranges
                0x00000098       0x20 STM32F4xx_HAL_Driver/src/util.o
 .debug_aranges
                0x000000b8       0x20 STM32F4xx_HAL_Driver/src/stm32f4xx_hal.o
 .debug_aranges
                0x000000d8       0x20 STM32F4xx_HAL_Driver/src/stm32f4xx_hal_cortex.o
 .debug_aranges
                0x000000f8       0x20 STM32F4xx_HAL_Driver/src/stm32f4xx_hal_uart.o
 .debug_aranges
                0x00000118       0x20 STM32F4xx_HAL_Driver/src/stm32f4xx_hal_gpio.o
 .debug_aranges
                0x00000138       0x20 STM32F4xx_HAL_Driver/src/stm32f4xx_hal_tim.o
 .debug_aranges
                0x00000158       0x20 STM32F4xx_HAL_Driver/src/stm32f4xx_hal_spi.o
 .debug_aranges
                0x00000178       0x20 mbed_shield/src/leds.o
 .debug_aranges
                0x00000198       0x20 mbed_shield/src/lcd_128x32.o
 .debug_aranges
                0x000001b8       0x20 src/stm32f4xx_hal_msp.o
 .debug_aranges
                0x000001d8       0x20 src/stm32f4xx_it.o
 .debug_aranges
                0x000001f8       0x20 src/main.o
 .debug_aranges
                0x00000218       0x28 startup/startup_stm32f411xe.o

.debug_line     0x00000000     0x48b0
 .debug_line    0x00000000      0x23e startup/stm32f411_periph.o
 .debug_line    0x0000023e       0x7f startup/sys_handlers.o
 .debug_line    0x000002bd      0x336 startup/system_stm32f4xx.o
 .debug_line    0x000005f3      0x538 STM32F4xx_HAL_Driver/src/stm32f4xx_ll_rcc.o
 .debug_line    0x00000b2b      0x5c8 STM32F4xx_HAL_Driver/src/stm32f4xx_hal_i2c.o
 .debug_line    0x000010f3      0x3ef STM32F4xx_HAL_Driver/src/util.o
 .debug_line    0x000014e2      0x3eb STM32F4xx_HAL_Driver/src/stm32f4xx_hal.o
 .debug_line    0x000018cd      0x62e STM32F4xx_HAL_Driver/src/stm32f4xx_hal_cortex.o
 .debug_line    0x00001efb      0x5ec STM32F4xx_HAL_Driver/src/stm32f4xx_hal_uart.o
 .debug_line    0x000024e7      0x4ba STM32F4xx_HAL_Driver/src/stm32f4xx_hal_gpio.o
 .debug_line    0x000029a1      0x4cc STM32F4xx_HAL_Driver/src/stm32f4xx_hal_tim.o
 .debug_line    0x00002e6d      0x3b8 STM32F4xx_HAL_Driver/src/stm32f4xx_hal_spi.o
 .debug_line    0x00003225      0x20e mbed_shield/src/leds.o
 .debug_line    0x00003433      0xa24 mbed_shield/src/lcd_128x32.o
 .debug_line    0x00003e57      0x334 src/stm32f4xx_hal_msp.o
 .debug_line    0x0000418b      0x31d src/stm32f4xx_it.o
 .debug_line    0x000044a8      0x38f src/main.o
 .debug_line    0x00004837       0x79 startup/startup_stm32f411xe.o

.debug_str      0x00000000     0x25c0
 .debug_str     0x00000000      0xc09 startup/stm32f411_periph.o
                                0xc8d (size before relaxing)
 .debug_str     0x00000c09       0x97 startup/sys_handlers.o
                                0x1f3 (size before relaxing)
 .debug_str     0x00000ca0      0x19c startup/system_stm32f4xx.o
                                0x488 (size before relaxing)
 .debug_str     0x00000e3c       0xeb STM32F4xx_HAL_Driver/src/stm32f4xx_ll_rcc.o
                                0x503 (size before relaxing)
 .debug_str     0x00000f27      0x1bf STM32F4xx_HAL_Driver/src/stm32f4xx_hal_i2c.o
                                0x3ee (size before relaxing)
 .debug_str     0x000010e6       0x91 STM32F4xx_HAL_Driver/src/util.o
                                0x204 (size before relaxing)
 .debug_str     0x00001177      0x6e1 STM32F4xx_HAL_Driver/src/stm32f4xx_hal.o
                                0x8af (size before relaxing)
 .debug_str     0x00001858      0x30e STM32F4xx_HAL_Driver/src/stm32f4xx_hal_cortex.o
                                0xa98 (size before relaxing)
 .debug_str     0x00001b66      0x193 STM32F4xx_HAL_Driver/src/stm32f4xx_hal_uart.o
                                0x3f8 (size before relaxing)
 .debug_str     0x00001cf9      0x104 STM32F4xx_HAL_Driver/src/stm32f4xx_hal_gpio.o
                                0x446 (size before relaxing)
 .debug_str     0x00001dfd      0x1b2 STM32F4xx_HAL_Driver/src/stm32f4xx_hal_tim.o
                                0x353 (size before relaxing)
 .debug_str     0x00001faf      0x124 STM32F4xx_HAL_Driver/src/stm32f4xx_hal_spi.o
                                0x3b4 (size before relaxing)
 .debug_str     0x000020d3       0x3d mbed_shield/src/leds.o
                                0x1ad (size before relaxing)
 .debug_str     0x00002110      0x21e mbed_shield/src/lcd_128x32.o
                                0x682 (size before relaxing)
 .debug_str     0x0000232e       0x9c src/stm32f4xx_hal_msp.o
                                0x823 (size before relaxing)
 .debug_str     0x000023ca       0xd6 src/stm32f4xx_it.o
                                0x65d (size before relaxing)
 .debug_str     0x000024a0       0x97 src/main.o
                                0x600 (size before relaxing)
 .debug_str     0x00002537       0x89 startup/startup_stm32f411xe.o

.comment        0x00000000       0x43
 .comment       0x00000000       0x43 startup/stm32f411_periph.o
                                 0x44 (size before relaxing)
 .comment       0x00000043       0x44 startup/sys_handlers.o
 .comment       0x00000043       0x44 startup/system_stm32f4xx.o
 .comment       0x00000043       0x44 STM32F4xx_HAL_Driver/src/stm32f4xx_ll_rcc.o
 .comment       0x00000043       0x44 STM32F4xx_HAL_Driver/src/stm32f4xx_hal_i2c.o
 .comment       0x00000043       0x44 STM32F4xx_HAL_Driver/src/util.o
 .comment       0x00000043       0x44 STM32F4xx_HAL_Driver/src/stm32f4xx_hal.o
 .comment       0x00000043       0x44 STM32F4xx_HAL_Driver/src/stm32f4xx_hal_cortex.o
 .comment       0x00000043       0x44 STM32F4xx_HAL_Driver/src/stm32f4xx_hal_uart.o
 .comment       0x00000043       0x44 STM32F4xx_HAL_Driver/src/stm32f4xx_hal_gpio.o
 .comment       0x00000043       0x44 STM32F4xx_HAL_Driver/src/stm32f4xx_hal_tim.o
 .comment       0x00000043       0x44 STM32F4xx_HAL_Driver/src/stm32f4xx_hal_spi.o
 .comment       0x00000043       0x44 mbed_shield/src/leds.o
 .comment       0x00000043       0x44 mbed_shield/src/lcd_128x32.o
 .comment       0x00000043       0x44 src/stm32f4xx_hal_msp.o
 .comment       0x00000043       0x44 src/stm32f4xx_it.o
 .comment       0x00000043       0x44 src/main.o

.debug_frame    0x00000000     0x171c
 .debug_frame   0x00000000       0x90 startup/sys_handlers.o
 .debug_frame   0x00000090       0x40 startup/system_stm32f4xx.o
 .debug_frame   0x000000d0       0x74 STM32F4xx_HAL_Driver/src/stm32f4xx_ll_rcc.o
 .debug_frame   0x00000144       0xa8 STM32F4xx_HAL_Driver/src/stm32f4xx_hal_i2c.o
 .debug_frame   0x000001ec       0xac STM32F4xx_HAL_Driver/src/util.o
 .debug_frame   0x00000298      0x1f4 STM32F4xx_HAL_Driver/src/stm32f4xx_hal.o
 .debug_frame   0x0000048c      0x31c STM32F4xx_HAL_Driver/src/stm32f4xx_hal_cortex.o
 .debug_frame   0x000007a8      0x120 STM32F4xx_HAL_Driver/src/stm32f4xx_hal_uart.o
 .debug_frame   0x000008c8       0xa4 STM32F4xx_HAL_Driver/src/stm32f4xx_hal_gpio.o
 .debug_frame   0x0000096c      0x11c STM32F4xx_HAL_Driver/src/stm32f4xx_hal_tim.o
 .debug_frame   0x00000a88       0x70 STM32F4xx_HAL_Driver/src/stm32f4xx_hal_spi.o
 .debug_frame   0x00000af8       0x70 mbed_shield/src/leds.o
 .debug_frame   0x00000b68      0x2c0 mbed_shield/src/lcd_128x32.o
 .debug_frame   0x00000e28      0x100 src/stm32f4xx_hal_msp.o
 .debug_frame   0x00000f28      0x100 src/stm32f4xx_it.o
 .debug_frame   0x00001028       0x70 src/main.o
 .debug_frame   0x00001098      0x144 F:/Programs/STM32CubeIDE_1.15.1/STM32CubeIDE/plugins/com.st.stm32cube.ide.mcu.externaltools.gnu-tools-for-stm32.12.3.rel1.win32_1.0.100.202403111256/tools/bin/../lib/gcc/arm-none-eabi/12.3.1/../../../../arm-none-eabi/lib/thumb/v7e-m+fp/hard\libc_nano.a(libc_a-findfp.o)
 .debug_frame   0x000011dc       0x6c F:/Programs/STM32CubeIDE_1.15.1/STM32CubeIDE/plugins/com.st.stm32cube.ide.mcu.externaltools.gnu-tools-for-stm32.12.3.rel1.win32_1.0.100.202403111256/tools/bin/../lib/gcc/arm-none-eabi/12.3.1/../../../../arm-none-eabi/lib/thumb/v7e-m+fp/hard\libc_nano.a(libc_a-sprintf.o)
 .debug_frame   0x00001248       0x38 F:/Programs/STM32CubeIDE_1.15.1/STM32CubeIDE/plugins/com.st.stm32cube.ide.mcu.externaltools.gnu-tools-for-stm32.12.3.rel1.win32_1.0.100.202403111256/tools/bin/../lib/gcc/arm-none-eabi/12.3.1/../../../../arm-none-eabi/lib/thumb/v7e-m+fp/hard\libc_nano.a(libc_a-reent.o)
 .debug_frame   0x00001280       0x2c F:/Programs/STM32CubeIDE_1.15.1/STM32CubeIDE/plugins/com.st.stm32cube.ide.mcu.externaltools.gnu-tools-for-stm32.12.3.rel1.win32_1.0.100.202403111256/tools/bin/../lib/gcc/arm-none-eabi/12.3.1/../../../../arm-none-eabi/lib/thumb/v7e-m+fp/hard\libc_nano.a(libc_a-init.o)
 .debug_frame   0x000012ac       0xb0 F:/Programs/STM32CubeIDE_1.15.1/STM32CubeIDE/plugins/com.st.stm32cube.ide.mcu.externaltools.gnu-tools-for-stm32.12.3.rel1.win32_1.0.100.202403111256/tools/bin/../lib/gcc/arm-none-eabi/12.3.1/../../../../arm-none-eabi/lib/thumb/v7e-m+fp/hard\libc_nano.a(libc_a-lock.o)
 .debug_frame   0x0000135c       0x38 F:/Programs/STM32CubeIDE_1.15.1/STM32CubeIDE/plugins/com.st.stm32cube.ide.mcu.externaltools.gnu-tools-for-stm32.12.3.rel1.win32_1.0.100.202403111256/tools/bin/../lib/gcc/arm-none-eabi/12.3.1/../../../../arm-none-eabi/lib/thumb/v7e-m+fp/hard\libc_nano.a(libc_a-freer.o)
 .debug_frame   0x00001394       0x50 F:/Programs/STM32CubeIDE_1.15.1/STM32CubeIDE/plugins/com.st.stm32cube.ide.mcu.externaltools.gnu-tools-for-stm32.12.3.rel1.win32_1.0.100.202403111256/tools/bin/../lib/gcc/arm-none-eabi/12.3.1/../../../../arm-none-eabi/lib/thumb/v7e-m+fp/hard\libc_nano.a(libc_a-mallocr.o)
 .debug_frame   0x000013e4       0x30 F:/Programs/STM32CubeIDE_1.15.1/STM32CubeIDE/plugins/com.st.stm32cube.ide.mcu.externaltools.gnu-tools-for-stm32.12.3.rel1.win32_1.0.100.202403111256/tools/bin/../lib/gcc/arm-none-eabi/12.3.1/../../../../arm-none-eabi/lib/thumb/v7e-m+fp/hard\libc_nano.a(libc_a-mlock.o)
 .debug_frame   0x00001414       0x90 F:/Programs/STM32CubeIDE_1.15.1/STM32CubeIDE/plugins/com.st.stm32cube.ide.mcu.externaltools.gnu-tools-for-stm32.12.3.rel1.win32_1.0.100.202403111256/tools/bin/../lib/gcc/arm-none-eabi/12.3.1/../../../../arm-none-eabi/lib/thumb/v7e-m+fp/hard\libc_nano.a(libc_a-nano-svfprintf.o)
 .debug_frame   0x000014a4       0x60 F:/Programs/STM32CubeIDE_1.15.1/STM32CubeIDE/plugins/com.st.stm32cube.ide.mcu.externaltools.gnu-tools-for-stm32.12.3.rel1.win32_1.0.100.202403111256/tools/bin/../lib/gcc/arm-none-eabi/12.3.1/../../../../arm-none-eabi/lib/thumb/v7e-m+fp/hard\libc_nano.a(libc_a-nano-vfprintf_i.o)
 .debug_frame   0x00001504       0x28 F:/Programs/STM32CubeIDE_1.15.1/STM32CubeIDE/plugins/com.st.stm32cube.ide.mcu.externaltools.gnu-tools-for-stm32.12.3.rel1.win32_1.0.100.202403111256/tools/bin/../lib/gcc/arm-none-eabi/12.3.1/../../../../arm-none-eabi/lib/thumb/v7e-m+fp/hard\libc_nano.a(libc_a-memmove.o)
 .debug_frame   0x0000152c       0x2c F:/Programs/STM32CubeIDE_1.15.1/STM32CubeIDE/plugins/com.st.stm32cube.ide.mcu.externaltools.gnu-tools-for-stm32.12.3.rel1.win32_1.0.100.202403111256/tools/bin/../lib/gcc/arm-none-eabi/12.3.1/../../../../arm-none-eabi/lib/thumb/v7e-m+fp/hard\libc_nano.a(libc_a-sbrkr.o)
 .debug_frame   0x00001558       0x28 F:/Programs/STM32CubeIDE_1.15.1/STM32CubeIDE/plugins/com.st.stm32cube.ide.mcu.externaltools.gnu-tools-for-stm32.12.3.rel1.win32_1.0.100.202403111256/tools/bin/../lib/gcc/arm-none-eabi/12.3.1/../../../../arm-none-eabi/lib/thumb/v7e-m+fp/hard\libc_nano.a(libc_a-memcpy-stub.o)
 .debug_frame   0x00001580       0x3c F:/Programs/STM32CubeIDE_1.15.1/STM32CubeIDE/plugins/com.st.stm32cube.ide.mcu.externaltools.gnu-tools-for-stm32.12.3.rel1.win32_1.0.100.202403111256/tools/bin/../lib/gcc/arm-none-eabi/12.3.1/../../../../arm-none-eabi/lib/thumb/v7e-m+fp/hard\libc_nano.a(libc_a-reallocr.o)
 .debug_frame   0x000015bc       0x20 F:/Programs/STM32CubeIDE_1.15.1/STM32CubeIDE/plugins/com.st.stm32cube.ide.mcu.externaltools.gnu-tools-for-stm32.12.3.rel1.win32_1.0.100.202403111256/tools/bin/../lib/gcc/arm-none-eabi/12.3.1/../../../../arm-none-eabi/lib/thumb/v7e-m+fp/hard\libc_nano.a(libc_a-msizer.o)
 .debug_frame   0x000015dc       0xac F:/Programs/STM32CubeIDE_1.15.1/STM32CubeIDE/plugins/com.st.stm32cube.ide.mcu.externaltools.gnu-tools-for-stm32.12.3.rel1.win32_1.0.100.202403111256/tools/bin/../lib/gcc/arm-none-eabi/12.3.1/thumb/v7e-m+fp/hard\libgcc.a(_arm_addsubdf3.o)
 .debug_frame   0x00001688       0x50 F:/Programs/STM32CubeIDE_1.15.1/STM32CubeIDE/plugins/com.st.stm32cube.ide.mcu.externaltools.gnu-tools-for-stm32.12.3.rel1.win32_1.0.100.202403111256/tools/bin/../lib/gcc/arm-none-eabi/12.3.1/thumb/v7e-m+fp/hard\libgcc.a(_arm_muldivdf3.o)
 .debug_frame   0x000016d8       0x24 F:/Programs/STM32CubeIDE_1.15.1/STM32CubeIDE/plugins/com.st.stm32cube.ide.mcu.externaltools.gnu-tools-for-stm32.12.3.rel1.win32_1.0.100.202403111256/tools/bin/../lib/gcc/arm-none-eabi/12.3.1/thumb/v7e-m+fp/hard\libgcc.a(_arm_truncdfsf2.o)
 .debug_frame   0x000016fc       0x20 F:/Programs/STM32CubeIDE_1.15.1/STM32CubeIDE/plugins/com.st.stm32cube.ide.mcu.externaltools.gnu-tools-for-stm32.12.3.rel1.win32_1.0.100.202403111256/tools/bin/../lib/gcc/arm-none-eabi/12.3.1/../../../../arm-none-eabi/lib/thumb/v7e-m+fp/hard\libnosys.a(sbrk.o)

.debug_ranges   0x00000000       0x20
 .debug_ranges  0x00000000       0x20 startup/startup_stm32f411xe.o
